Sp.A:minorType=doctorSuffixTitle
Sp.An:minorType=doctorSuffixTitle
Sp.And:minorType=doctorSuffixTitle
Sp.Ak:minorType=doctorSuffixTitle
Sp.B:minorType=doctorSuffixTitle
Sp.BA:minorType=doctorSuffixTitle
Sp.BM:minorType=doctorSuffixTitle
Sp.BP-RE:minorType=doctorSuffixTitle
Sp.BS:minorType=doctorSuffixTitle
Sp.BTKV:minorType=doctorSuffixTitle
Sp.F:minorType=doctorSuffixTitle
Sp.FK:minorType=doctorSuffixTitle
Sp.GK:minorType=doctorSuffixTitle
Sp.JP:minorType=doctorSuffixTitle
Sp.KFR:minorType=doctorSuffixTitle
Sp.KG:minorType=doctorSuffixTitle
Sp.KGA:minorType=doctorSuffixTitle
Sp.KJ:minorType=doctorSuffixTitle
Sp.KP:minorType=doctorSuffixTitle
Sp.KK:minorType=doctorSuffixTitle
Sp.EM:minorType=doctorSuffixTitle
Sp.KN:minorType=doctorSuffixTitle
Sp.KO:minorType=doctorSuffixTitle
Sp.LP:minorType=doctorSuffixTitle
Sp.M:minorType=doctorSuffixTitle
Sp.MK:minorType=doctorSuffixTitle
Sp.OG:minorType=doctorSuffixTitle
Sp.Ok:minorType=doctorSuffixTitle
Sp.Onk.Rad:minorType=doctorSuffixTitle
Sp.Ort:minorType=doctorSuffixTitle
Sp.OT:minorType=doctorSuffixTitle
Sp.P:minorType=doctorSuffixTitle
Sp.ParK:minorType=doctorSuffixTitle
Sp.Perio:minorType=doctorSuffixTitle
Sp.PA:minorType=doctorSuffixTitle
Sp.PD:minorType=doctorSuffixTitle
Sp.PK:minorType=doctorSuffixTitle
Sp.PM:minorType=doctorSuffixTitle
Sp.Pros:minorType=doctorSuffixTitle
Sp.Rad:minorType=doctorSuffixTitle
Sp.RKG:minorType=doctorSuffixTitle
Sp.S:minorType=doctorSuffixTitle
Sp.THT-KL:minorType=doctorSuffixTitle
Sp.U:minorType=doctorSuffixTitle
Sp.Ger:minorType=doctorSuffixTitle
SpA:minorType=doctorSuffixTitle
SpAn:minorType=doctorSuffixTitle
SpAnd:minorType=doctorSuffixTitle
SpAk:minorType=doctorSuffixTitle
SpB:minorType=doctorSuffixTitle
SpBA:minorType=doctorSuffixTitle
SpBM:minorType=doctorSuffixTitle
SpBP-RE:minorType=doctorSuffixTitle
SpBS:minorType=doctorSuffixTitle
SpBTKV:minorType=doctorSuffixTitle
SpF:minorType=doctorSuffixTitle
SpFK:minorType=doctorSuffixTitle
SpGK:minorType=doctorSuffixTitle
SpJP:minorType=doctorSuffixTitle
SpKFR:minorType=doctorSuffixTitle
SpKG:minorType=doctorSuffixTitle
SpKGA:minorType=doctorSuffixTitle
SpKJ:minorType=doctorSuffixTitle
SpKP:minorType=doctorSuffixTitle
SpKK:minorType=doctorSuffixTitle
SpEM:minorType=doctorSuffixTitle
SpKN:minorType=doctorSuffixTitle
SpKO:minorType=doctorSuffixTitle
SpLP:minorType=doctorSuffixTitle
SpM:minorType=doctorSuffixTitle
SpMK:minorType=doctorSuffixTitle
SpOG:minorType=doctorSuffixTitle
SpOk:minorType=doctorSuffixTitle
SpOnkRad:minorType=doctorSuffixTitle
SpOrt:minorType=doctorSuffixTitle
SpOT:minorType=doctorSuffixTitle
SpP:minorType=doctorSuffixTitle
SpParK:minorType=doctorSuffixTitle
SpPerio:minorType=doctorSuffixTitle
SpPA:minorType=doctorSuffixTitle
SpPD:minorType=doctorSuffixTitle
SpPK:minorType=doctorSuffixTitle
SpPM:minorType=doctorSuffixTitle
SpPros:minorType=doctorSuffixTitle
SpRad:minorType=doctorSuffixTitle
SpRKG:minorType=doctorSuffixTitle
SpS:minorType=doctorSuffixTitle
SpTHT-KL:minorType=doctorSuffixTitle
SpU:minorType=doctorSuffixTitle
SpGer:minorType=doctorSuffixTitle
