JAN: minorType = monthMarker: month = 01
FEB: minorType = monthMarker: month = 02
MAR: minorType = monthMarker: month = 03
APR: minorType = monthMarker: month = 04
MAY: minorType = monthMarker: month = 05
JUN: minorType = monthMarker: month = 06
JNN: minorType = monthMarker: month = 06
JUL: minorType = monthMarker: month = 07
AUG: minorType = monthMarker: month = 08
SEP: minorType = monthMarker: month = 09
OCT: minorType = monthMarker: month = 10
0CT: minorType = monthMarker: month = 10
NOV: minorType = monthMarker: month = 11
N0V: minorType = monthMarker: month = 11
DEC: minorType = monthMarker: month = 12
Oec: minorType = monthMarker: month = 12

January: minorType = monthMarker: month = 01
February: minorType = monthMarker: month = 02
March: minorType = monthMarker: month = 03
April: minorType = monthMarker: month = 04
May: minorType = monthMarker: month = 05
June: minorType = monthMarker: month = 06
July: minorType = monthMarker: month = 07
August: minorType = monthMarker: month = 08
September: minorType = monthMarker: month = 09
October: minorType = monthMarker: month = 10
0ctober: minorType = monthMarker: month = 10
November: minorType = monthMarker: month = 11
N0vember: minorType = monthMarker: month = 11
December: minorType = monthMarker: month = 12
Oecember: minorType = monthMarker: month = 12

01: minorType = monthNumMarker: month = 01
02: minorType = monthNumMarker: month = 02
03: minorType = monthNumMarker: month = 03
04: minorType = monthNumMarker: month = 04
05: minorType = monthNumMarker: month = 05
06: minorType = monthNumMarker: month = 06
07: minorType = monthNumMarker: month = 07
08: minorType = monthNumMarker: month = 08
09: minorType = monthNumMarker: month = 09
1: minorType = monthNumMarker: month = 01
2: minorType = monthNumMarker: month = 02
3: minorType = monthNumMarker: month = 03
4: minorType = monthNumMarker: month = 04
5: minorType = monthNumMarker: month = 05
6: minorType = monthNumMarker: month = 06
7: minorType = monthNumMarker: month = 07
8: minorType = monthNumMarker: month = 08
9: minorType = monthNumMarker: month = 09
10: minorType = monthNumMarker: month = 10
11: minorType = monthNumMarker: month = 11
12: minorType = monthNumMarker: month = 12